// Jest Snapshot v1, https://goo.gl/fbAQLP

exports[`AWSCDKPipelineTest AWSCDKPipeline 1`] = `
[
  {
    "apiVersion": "tekton.dev/v1beta1",
    "kind": "Pipeline",
    "metadata": {
      "name": "deploy-cdk-project",
    },
    "spec": {
      "description": "A pipeline for deploying a AWS CDK project from a GitHub repository to a cluster.",
      "params": [
        {
          "name": "AwsAccountId",
          "type": "string",
        },
        {
          "name": "AwsAccessKeyId",
          "type": "string",
        },
        {
          "name": "AwsSecretKeyId",
          "type": "string",
        },
        {
          "name": "AwsRegion",
          "type": "string",
        },
      ],
      "tasks": [
        {
          "name": "git-clone",
          "params": [],
          "taskRef": {
            "name": "fetch-project",
          },
          "workspaces": [
            {
              "name": "output",
              "workspace": "shared-data",
            },
            {
              "name": "ssh-creds",
              "workspace": "ssh-credentials",
            },
          ],
        },
        {
          "name": "aws-cdk-synth",
          "params": [
            {
              "name": "AwsAccountId",
              "value": "$(params.AwsAccountId)",
            },
            {
              "name": "AwsAccessKeyId",
              "value": "$(params.AwsAccessKeyId)",
            },
            {
              "name": "AwsSecretKeyId",
              "value": "$(params.AwsSecretKeyId)",
            },
            {
              "name": "AwsRegion",
              "value": "$(params.AwsRegion)",
            },
          ],
          "runAfter": [
            "git-clone",
          ],
          "taskRef": {
            "name": "synth-cdk-pipeline",
          },
          "workspaces": [
            {
              "name": "projectdata",
              "workspace": "shared-data",
            },
          ],
        },
      ],
      "workspaces": [
        {
          "description": "The AWS CDK project files.",
          "name": "shared-data",
        },
        {
          "description": "The location of the SSH keys and credentials",
          "name": "ssh-credentials",
        },
      ],
    },
  },
]
`;
